教师特征: key=stage2  863 帧, shape=(256, 28, 28)
backbone=vit_small_patch16_224 | aux=True | distill=True
train=543 val=320 size=(224, 224)
类别权重（像素级）:
  [mask_contact] pos_px=1541930 neg_px=279949270 → pos_weight=20.000 (已裁剪至 ≤20)
  [mask_object] pos_px=2831532 neg_px=278659668 → pos_weight=20.000 (已裁剪至 ≤20)
/home/siat_cjh/miniconda3/envs/AnyEMG/lib/python3.9/site-packages/pydantic/_internal/_generate_schema.py:2249: UnsupportedFieldAttributeWarning: The 'repr' attribute with value False was provided to the `Field()` function, which has no effect in the context it was used. 'repr' is field-specific metadata, and can only be attached to a model field using `Annotated` metadata or by assignment. This may have happened because an `Annotated` type alias using the `type` statement was used, or if the `Field()` function was attached to a single member of a union type.
  warnings.warn(
/home/siat_cjh/miniconda3/envs/AnyEMG/lib/python3.9/site-packages/pydantic/_internal/_generate_schema.py:2249: UnsupportedFieldAttributeWarning: The 'frozen' attribute with value True was provided to the `Field()` function, which has no effect in the context it was used. 'frozen' is field-specific metadata, and can only be attached to a model field using `Annotated` metadata or by assignment. This may have happened because an `Annotated` type alias using the `type` statement was used, or if the `Field()` function was attached to a single member of a union type.
  warnings.warn(
Warning: You are sending unauthenticated requests to the HF Hub. Please set a HF_TOKEN to enable higher rate limits and faster downloads.
参数量 23.31M
损失平衡: manual  λ_contact=0.05 λ_object=0.05 λ_feat=0.2
[  1/30] loss=0.8204 | hand F1=0.670 contact F1=0.060 object F1=0.055 (114s)
[  2/30] loss=0.5347 | hand F1=0.692 contact F1=0.085 object F1=0.088 (107s)
[  3/30] loss=0.4554 | hand F1=0.738 contact F1=0.109 object F1=0.114 (122s)
[  4/30] loss=0.3997 | hand F1=0.672 contact F1=0.117 object F1=0.178 (118s)
[  5/30] loss=0.3574 | hand F1=0.687 contact F1=0.145 object F1=0.199 (113s)
[  6/30] loss=0.3255 | hand F1=0.738 contact F1=0.136 object F1=0.095 (117s)
[  7/30] loss=0.2981 | hand F1=0.690 contact F1=0.167 object F1=0.213 (115s)
[  8/30] loss=0.2779 | hand F1=0.750 contact F1=0.164 object F1=0.150 (121s)
[  9/30] loss=0.2610 | hand F1=0.710 contact F1=0.180 object F1=0.012 (109s)
[ 10/30] loss=0.2460 | hand F1=0.687 contact F1=0.160 object F1=0.208 (123s)
[ 11/30] loss=0.2337 | hand F1=0.674 contact F1=0.165 object F1=0.000 (122s)
[ 12/30] loss=0.2241 | hand F1=0.703 contact F1=0.163 object F1=0.141 (111s)
[ 13/30] loss=0.2147 | hand F1=0.724 contact F1=0.153 object F1=0.112 (36s)
[ 14/30] loss=0.2073 | hand F1=0.693 contact F1=0.157 object F1=0.098 (97s)
[ 15/30] loss=0.2017 | hand F1=0.678 contact F1=0.179 object F1=0.039 (136s)
[ 16/30] loss=0.1957 | hand F1=0.732 contact F1=0.154 object F1=0.122 (138s)
[ 17/30] loss=0.1910 | hand F1=0.713 contact F1=0.159 object F1=0.000 (133s)
[ 18/30] loss=0.1874 | hand F1=0.699 contact F1=0.156 object F1=0.075 (123s)
[ 19/30] loss=0.1832 | hand F1=0.689 contact F1=0.166 object F1=0.045 (125s)
[ 20/30] loss=0.1796 | hand F1=0.688 contact F1=0.165 object F1=0.014 (127s)
[ 21/30] loss=0.1772 | hand F1=0.665 contact F1=0.167 object F1=0.018 (127s)
[ 22/30] loss=0.1751 | hand F1=0.680 contact F1=0.175 object F1=0.000 (126s)
[ 23/30] loss=0.1729 | hand F1=0.704 contact F1=0.163 object F1=0.025 (128s)
[ 24/30] loss=0.1715 | hand F1=0.669 contact F1=0.165 object F1=0.019 (124s)
[ 25/30] loss=0.1700 | hand F1=0.677 contact F1=0.167 object F1=0.012 (90s)
[ 26/30] loss=0.1702 | hand F1=0.675 contact F1=0.168 object F1=0.000 (123s)
[ 27/30] loss=0.1695 | hand F1=0.668 contact F1=0.168 object F1=0.000 (124s)
[ 28/30] loss=0.1688 | hand F1=0.668 contact F1=0.169 object F1=0.000 (125s)
[ 29/30] loss=0.1683 | hand F1=0.667 contact F1=0.169 object F1=0.000 (129s)
[ 30/30] loss=0.1687 | hand F1=0.670 contact F1=0.169 object F1=0.000 (126s)

最佳 hand F1 = 0.7499 → runs_v4/C2_l0.2/best.pt
