教师特征: stage4(1024, 7, 7)  863 帧
backbone=vit_small_patch16_224 | aux=True | distill=True
train=543 val=320 size=(224, 224)
类别权重（像素级）:
  [mask_contact] pos_px=1541930 neg_px=279949270 → pos_weight=20.000 (已裁剪至 ≤20)
  [mask_object] pos_px=2831532 neg_px=278659668 → pos_weight=20.000 (已裁剪至 ≤20)
/home/siat_cjh/miniconda3/envs/AnyEMG/lib/python3.9/site-packages/pydantic/_internal/_generate_schema.py:2249: UnsupportedFieldAttributeWarning: The 'repr' attribute with value False was provided to the `Field()` function, which has no effect in the context it was used. 'repr' is field-specific metadata, and can only be attached to a model field using `Annotated` metadata or by assignment. This may have happened because an `Annotated` type alias using the `type` statement was used, or if the `Field()` function was attached to a single member of a union type.
  warnings.warn(
/home/siat_cjh/miniconda3/envs/AnyEMG/lib/python3.9/site-packages/pydantic/_internal/_generate_schema.py:2249: UnsupportedFieldAttributeWarning: The 'frozen' attribute with value True was provided to the `Field()` function, which has no effect in the context it was used. 'frozen' is field-specific metadata, and can only be attached to a model field using `Annotated` metadata or by assignment. This may have happened because an `Annotated` type alias using the `type` statement was used, or if the `Field()` function was attached to a single member of a union type.
  warnings.warn(
Warning: You are sending unauthenticated requests to the HF Hub. Please set a HF_TOKEN to enable higher rate limits and faster downloads.
参数量 23.61M
损失平衡: manual  λ_contact=0.05 λ_object=0.05 λ_feat=0.3
[  1/30] loss=0.7726 | hand F1=0.658 contact F1=0.144 object F1=0.159 (108s)
[  2/30] loss=0.4967 | hand F1=0.705 contact F1=0.179 object F1=0.164 (104s)
[  3/30] loss=0.4185 | hand F1=0.746 contact F1=0.171 object F1=0.080 (115s)
[  4/30] loss=0.3640 | hand F1=0.726 contact F1=0.203 object F1=0.173 (112s)
[  5/30] loss=0.3208 | hand F1=0.750 contact F1=0.203 object F1=0.224 (106s)
[  6/30] loss=0.2874 | hand F1=0.749 contact F1=0.202 object F1=0.160 (85s)
[  7/30] loss=0.2614 | hand F1=0.720 contact F1=0.196 object F1=0.148 (49s)
[  8/30] loss=0.2409 | hand F1=0.729 contact F1=0.177 object F1=0.107 (103s)
[  9/30] loss=0.2257 | hand F1=0.727 contact F1=0.195 object F1=0.036 (105s)
[ 10/30] loss=0.2119 | hand F1=0.692 contact F1=0.190 object F1=0.000 (111s)
[ 11/30] loss=0.2014 | hand F1=0.692 contact F1=0.200 object F1=0.000 (108s)
[ 12/30] loss=0.1921 | hand F1=0.704 contact F1=0.183 object F1=0.046 (69s)
[ 13/30] loss=0.1853 | hand F1=0.721 contact F1=0.202 object F1=0.002 (52s)
[ 14/30] loss=0.1788 | hand F1=0.722 contact F1=0.218 object F1=0.027 (113s)
[ 15/30] loss=0.1727 | hand F1=0.694 contact F1=0.221 object F1=0.034 (106s)
[ 16/30] loss=0.1674 | hand F1=0.668 contact F1=0.209 object F1=0.001 (110s)
[ 17/30] loss=0.1635 | hand F1=0.724 contact F1=0.221 object F1=0.004 (61s)
[ 18/30] loss=0.1600 | hand F1=0.724 contact F1=0.198 object F1=0.024 (95s)
[ 19/30] loss=0.1567 | hand F1=0.718 contact F1=0.217 object F1=0.020 (61s)
[ 20/30] loss=0.1542 | hand F1=0.723 contact F1=0.212 object F1=0.007 (101s)
[ 21/30] loss=0.1514 | hand F1=0.723 contact F1=0.211 object F1=0.004 (102s)
[ 22/30] loss=0.1493 | hand F1=0.712 contact F1=0.187 object F1=0.006 (79s)
[ 23/30] loss=0.1476 | hand F1=0.714 contact F1=0.208 object F1=0.013 (101s)
[ 24/30] loss=0.1466 | hand F1=0.704 contact F1=0.211 object F1=0.005 (108s)
[ 25/30] loss=0.1455 | hand F1=0.721 contact F1=0.210 object F1=0.005 (115s)
[ 26/30] loss=0.1448 | hand F1=0.712 contact F1=0.206 object F1=0.008 (103s)
[ 27/30] loss=0.1440 | hand F1=0.704 contact F1=0.205 object F1=0.005 (100s)
[ 28/30] loss=0.1441 | hand F1=0.705 contact F1=0.204 object F1=0.003 (45s)
[ 29/30] loss=0.1437 | hand F1=0.707 contact F1=0.202 object F1=0.002 (48s)
[ 30/30] loss=0.1436 | hand F1=0.705 contact F1=0.202 object F1=0.002 (18s)

最佳 hand F1 = 0.7505 → runs_v5/C4_l0.3/best.pt
