教师特征: stage3(512, 14, 14), stage4(1024, 7, 7)  863 帧
backbone=vit_small_patch16_224 | aux=True | distill=True
train=543 val=320 size=(224, 224)
类别权重（像素级）:
  [mask_contact] pos_px=1541930 neg_px=279949270 → pos_weight=20.000 (已裁剪至 ≤20)
  [mask_object] pos_px=2831532 neg_px=278659668 → pos_weight=20.000 (已裁剪至 ≤20)
/home/siat_cjh/miniconda3/envs/AnyEMG/lib/python3.9/site-packages/pydantic/_internal/_generate_schema.py:2249: UnsupportedFieldAttributeWarning: The 'repr' attribute with value False was provided to the `Field()` function, which has no effect in the context it was used. 'repr' is field-specific metadata, and can only be attached to a model field using `Annotated` metadata or by assignment. This may have happened because an `Annotated` type alias using the `type` statement was used, or if the `Field()` function was attached to a single member of a union type.
  warnings.warn(
/home/siat_cjh/miniconda3/envs/AnyEMG/lib/python3.9/site-packages/pydantic/_internal/_generate_schema.py:2249: UnsupportedFieldAttributeWarning: The 'frozen' attribute with value True was provided to the `Field()` function, which has no effect in the context it was used. 'frozen' is field-specific metadata, and can only be attached to a model field using `Annotated` metadata or by assignment. This may have happened because an `Annotated` type alias using the `type` statement was used, or if the `Field()` function was attached to a single member of a union type.
  warnings.warn(
Warning: You are sending unauthenticated requests to the HF Hub. Please set a HF_TOKEN to enable higher rate limits and faster downloads.
参数量 23.81M
损失平衡: manual  λ_contact=0.05 λ_object=0.05 λ_feat=0.2
[  1/30] loss=0.7767 | hand F1=0.674 contact F1=0.069 object F1=0.166 (107s)
[  2/30] loss=0.4842 | hand F1=0.617 contact F1=0.122 object F1=0.190 (103s)
[  3/30] loss=0.4102 | hand F1=0.701 contact F1=0.121 object F1=0.155 (114s)
[  4/30] loss=0.3597 | hand F1=0.699 contact F1=0.133 object F1=0.155 (111s)
[  5/30] loss=0.3190 | hand F1=0.692 contact F1=0.159 object F1=0.070 (79s)
[  6/30] loss=0.2907 | hand F1=0.762 contact F1=0.153 object F1=0.119 (45s)
[  7/30] loss=0.2644 | hand F1=0.710 contact F1=0.167 object F1=0.187 (108s)
[  8/30] loss=0.2450 | hand F1=0.706 contact F1=0.190 object F1=0.134 (100s)
[  9/30] loss=0.2287 | hand F1=0.730 contact F1=0.175 object F1=0.127 (108s)
[ 10/30] loss=0.2171 | hand F1=0.701 contact F1=0.191 object F1=0.005 (99s)
[ 11/30] loss=0.2059 | hand F1=0.709 contact F1=0.193 object F1=0.004 (41s)
[ 12/30] loss=0.1976 | hand F1=0.684 contact F1=0.161 object F1=0.123 (97s)
[ 13/30] loss=0.1893 | hand F1=0.694 contact F1=0.167 object F1=0.174 (108s)
[ 14/30] loss=0.1816 | hand F1=0.744 contact F1=0.192 object F1=0.036 (113s)
[ 15/30] loss=0.1768 | hand F1=0.744 contact F1=0.204 object F1=0.000 (98s)
[ 16/30] loss=0.1719 | hand F1=0.697 contact F1=0.161 object F1=0.251 (106s)
[ 17/30] loss=0.1666 | hand F1=0.703 contact F1=0.187 object F1=0.094 (32s)
[ 18/30] loss=0.1628 | hand F1=0.684 contact F1=0.178 object F1=0.053 (108s)
[ 19/30] loss=0.1595 | hand F1=0.692 contact F1=0.195 object F1=0.108 (55s)
[ 20/30] loss=0.1563 | hand F1=0.719 contact F1=0.194 object F1=0.008 (98s)
[ 21/30] loss=0.1539 | hand F1=0.676 contact F1=0.195 object F1=0.069 (98s)
[ 22/30] loss=0.1525 | hand F1=0.727 contact F1=0.185 object F1=0.065 (110s)
[ 23/30] loss=0.1507 | hand F1=0.705 contact F1=0.189 object F1=0.009 (109s)
[ 24/30] loss=0.1491 | hand F1=0.719 contact F1=0.199 object F1=0.034 (113s)
[ 25/30] loss=0.1476 | hand F1=0.685 contact F1=0.192 object F1=0.034 (115s)
[ 26/30] loss=0.1472 | hand F1=0.688 contact F1=0.192 object F1=0.024 (103s)
[ 27/30] loss=0.1467 | hand F1=0.691 contact F1=0.195 object F1=0.026 (95s)
[ 28/30] loss=0.1465 | hand F1=0.701 contact F1=0.196 object F1=0.027 (35s)
[ 29/30] loss=0.1459 | hand F1=0.694 contact F1=0.197 object F1=0.031 (21s)
[ 30/30] loss=0.1460 | hand F1=0.699 contact F1=0.195 object F1=0.033 (53s)

最佳 hand F1 = 0.7617 → runs_v5/MS_34_l0.2/best.pt
